[backblue.gif]
[fade.gif]
[index.html]
[greatcorn.github.io/scom/bg.png]
[greatcorn.github.io/scom/bgh.png]
[greatcorn.github.io/scom/bgv.png]
[greatcorn.github.io/scom/cursor.png]
[greatcorn.github.io/scom/icon_pc.png]
[greatcorn.github.io/scom/icon_console.png]
[greatcorn.github.io/scom/icon_sm.png]
[greatcorn.github.io/scom/icon_database.png]
[greatcorn.github.io/scom/hide.png]
[greatcorn.github.io/scom/options.png]
[greatcorn.github.io/scom/resize.png]
[greatcorn.github.io/scom/close.png]
[greatcorn.github.io/scom/s-com15.html]
[greatcorn.github.io/scom/beam.png]
[greatcorn.github.io/scom/link.png]
[greatcorn.github.io/scom/commonStyles.css]
[greatcorn.github.io/scom/console/index.html]
[greatcorn.github.io/scom/s-messenger/manifest.json]
[greatcorn.github.io/scom/s-messenger/favicon.png]
[greatcorn.github.io/scom/scpf.png]
[greatcorn.github.io/scom/scpsign.png]
[greatcorn.github.io/scom/s-messenger/index.html]
[greatcorn.github.io/scom/favicon_old.html]
[greatcorn.github.io/link.html]
[greatcorn.github.io/scom/cmds.js]
[greatcorn.github.io/scom/docs/sccol/index.html]
[greatcorn.github.io/scom/compiler.js]
[greatcorn.github.io/scom/s-messenger/sw.js]
[greatcorn.github.io/favicon.html]
[greatcorn.github.io/scpf.html]
[greatcorn.github.io/scpsign.html]
[greatcorn.github.io/cursor.html]
[greatcorn.github.io/beam.html]
[greatcorn.github.io/pushpin.html]
[greatcorn.github.io/scom/s-messenger/peerjs.min.js]
[greatcorn.github.io/scom/s-messenger/prettify.css]
[greatcorn.github.io/scom/s-messenger/prettify.js]
[greatcorn.github.io/scom/s-messenger/message.mp3]
[greatcorn.github.io/scom/s-messenger/message1.mp3]
[greatcorn.github.io/scom/s-messenger/disconnect.mp3]
[greatcorn.github.io/scom/docs/sccol/comment.html]
[greatcorn.github.io/scom/sccol_logo.png]
[greatcorn.github.io/scom/docs/sccol/navbar.js]
[greatcorn.github.io/scom/docs/sccol/basics.html]
[greatcorn.github.io/scom/docs/sccol/examples.html]
[greatcorn.github.io/scom/utils.html]
[greatcorn.github.io/scom/s-messenger/adapter_factory.html]
[greatcorn.github.io/scom/docs/sccol/pi.html]
[greatcorn.github.io/scom/docs/sccol/if.html]
[greatcorn.github.io/scom/docs/sccol/d2r.html]
[greatcorn.github.io/scom/docs/sccol/say.html]
[greatcorn.github.io/scom/docs/sccol/proc.html]
[greatcorn.github.io/scom/docs/sccol/end.html]
[greatcorn.github.io/scom/docs/sccol/call.html]
